B-datetime_date I-datetime_date O B-category I-category O O
B-datetime_date I-datetime_date B-category I-category O O O O O O O O
O O O O B-category I-category O B-datetime_date I-datetime_date O O O
O O O O B-datetime_time I-datetime_time O O B-category I-category O O
B-datetime_date I-datetime_date O O O B-category I-category
O O B-datetime_date I-datetime_date B-city I-city O B-category I-category O O
O O O O O B-category I-category O O O
B-country I-country B-category I-category O O O
O O O B-country I-country B-category I-category O O
O O B-country I-country B-category I-category O O O
O B-country I-country O B-category I-category O O O O O
O O O O B-country I-country O B-category I-category O O O O
B-country I-country O B-category I-category O O
O O B-keyword I-keyword O B-category I-category O O
B-keyword I-keyword I-keyword O B-category I-category O O
B-keyword I-keyword B-category I-category O O
B-keyword I-keyword B-category I-category O O
O O O B-keyword I-keyword I-keyword B-datetime_date I-datetime_date O B-category I-category O O
B-datetime_date I-datetime_date I-datetime_date B-category I-category O O O O O O
B-datetime_date I-datetime_date O B-category I-category O O
O O O O B-datetime_date I-datetime_date O B-category I-category O O
O O O O O O B-datetime_date I-datetime_date O B-category I-category O O
O O O O B-keyword I-keyword I-keyword O B-category I-category O O
O O O O B-category I-category O O
O O B-category I-category I-category O O O O O
O O B-keyword I-keyword O O O
B-keyword I-keyword I-keyword I-keyword I-keyword O O O O O
O O O O O B-keyword I-keyword I-keyword O O O
B-keyword I-keyword O O O O O O O O
B-keyword I-keyword I-keyword O O O O O O O
O O B-keyword I-keyword O O
O O B-keyword I-keyword I-keyword I-keyword O O O O O O O O
O O O B-country I-country B-keyword I-keyword O O O
O O O O B-country I-country B-keyword I-keyword I-keyword I-keyword I-keyword O O O
B-country I-country B-keyword I-keyword I-keyword I-keyword I-keyword I-keyword O O O
B-city I-city B-keyword I-keyword O O O O
B-city I-city O B-keyword I-keyword I-keyword I-keyword O O O O
O O O B-city I-city B-keyword I-keyword O O O
O O O B-city I-city I-city I-city O B-category I-category O O
B-city I-city O B-keyword I-keyword O O O O O O
B-city I-city O B-category I-category O O
O O O O B-datetime_date I-datetime_date B-city I-city O O O
O O O O B-datetime_date I-datetime_date B-city I-city O O O
O O O O O B-datetime_date I-datetime_date B-city I-city O O O
O O O B-datetime_date I-datetime_date B-city I-city O O O
B-datetime_date I-datetime_date B-datetime_time I-datetime_time O O O O O O O
O O O O O B-datetime_date I-datetime_date B-city I-city O O O
O O O O O O B-datetime_date I-datetime_date B-city I-city O O O
O O O O O O B-city I-city O O O O
O O O O O O O O B-city I-city O O O
O O O B-city I-city O O O
B-datetime_time I-datetime_time O O O B-category I-category O O
O O O B-city I-city O O O
O O B-city I-city O O O
O O O B-city I-city O O O O
O B-city I-city O O
B-city I-city O O
B-city I-city O O
B-city I-city O B-datetime_date I-datetime_date O O
B-datetime_date I-datetime_date B-city I-city O O
B-datetime_date I-datetime_date B-city I-city O O O O O O
O O B-province I-province B-keyword I-keyword I-keyword I-keyword O O O
O O O O B-province I-province O O O
O O O B-province I-province O O
O O O B-province I-province O O O O
O O O O O O B-province I-province O O
B-province I-province O O O O O
B-category I-category O O
B-category I-category O O
B-category I-category O O O O O
O O O O O O O O O O
O O O O O O O O O O O O
I-keyword I-keyword I-keyword I-keyword O O O O O O O O B-keyword
O O O O B-keyword I-keyword I-keyword O O O O O
O O O O O B-category I-category O O
O O B-datetime_time I-datetime_time B-city I-city O O O O O O
B-province I-province B-city I-city B-area I-area I-area B-datetime_date I-datetime_date O O O
O O O B-area I-area I-area B-datetime_date I-datetime_date O O O O O
B-area I-area I-area B-datetime_date I-datetime_date O O O O O
O O B-country I-country B-area I-area I-area O O O
O O O B-area I-area B-keyword I-keyword O O O
O O B-area I-area B-keyword I-keyword I-keyword O O O
B-area I-area I-area O O O
B-country I-country O B-keyword I-keyword I-keyword I-keyword I-keyword I-keyword O O
O B-country I-country O B-keyword I-keyword I-keyword I-keyword I-keyword I-keyword O O
B-country I-country O B-keyword I-keyword I-keyword I-keyword I-keyword I-keyword O O
B-country I-country O B-keyword I-keyword I-keyword I-keyword I-keyword O O
B-datetime_date I-datetime_date B-datetime_time I-datetime_time O O O O O
B-datetime_date I-datetime_date I-datetime_date O O O
B-datetime_date I-datetime_date I-datetime_date O O O O O
O O B-datetime_date I-datetime_date O O O
O O O B-category I-category O O
O O B-category I-category O O
O O B-category I-category O O
O O O O B-category I-category
O O B-category I-category O O
O O O O B-keyword I-keyword O O O O O
O O O O B-keyword I-keyword O O O O O
O O O O O
B-category I-category O O O O
O O O O O O O
O O O O O O O
O O O O
O O O O
O O O
O O O O O O
O O O O
O O
O O
O O O
O O O
O O O
O O O
O O O
O O O O
O O O
O O O O O O O
O O O O O
O O O O O O
O O O O O O
O O O O
O O O
O O O O O O O O
O O O O O
O O O O O
O O O O O O O O O O
O O O O O O O
O O O O O
O O O O O O O O
O O O O O O O O O O O
O O O O O O O O
O O O O O O
O O O O O O O O
O O O O O O O O
O O O O O O O O O
O O O O O O O O O O O
O O O O O O O O O O O O
O O O O O O O O O
O O O O O O O O
O O O O O O O O O O O O
B-province I-province I-province O O O O O
O O O O O O O O B-province I-province I-province O
O O O B-province I-province I-province O O O O O O O
O O B-province I-province I-province O O O O O O
O O O O O B-province I-province I-province O O O O O O
O O O O O O O O B-province I-province I-province O O O O
O O O O O O O O O O B-province I-province O
B-province I-province I-province O O O O
O O O O O O O O O B-province I-province
O O O O O B-province I-province O O O O O O
O O O O B-province I-province I-province O O O
B-city I-city O O O O O
B-city I-city I-city O O O O O
O O O O O O B-city I-city O O O O O O O
O O O O O O B-city I-city I-city O O O O O O
O O O O B-city I-city O O O O O O O
O O O O B-city I-city O O O O O
O O O B-city I-city O O O O O O O
O O O O O O B-city I-city O O O O O O O
B-city I-city O O O O O O O O O
O B-city I-city O O O O O O
O O O O O O O O B-city I-city
O B-city I-city I-city O O O O O
B-city I-city I-city O O O O O O
O O O B-city I-city O O O O O
B-province I-province O O O O O O
B-province I-province O O O O O O
O O O O O O O O
O O O O O O O O O
O O O O O O O O O O O
O O O O O O O O O O O O
O O O O O O O O O
O O O O O O O O O
O O O O O O O O O O O O
O O O O O O O O O O O
O O O O O O O O O O O O O O
O O O O O O O O O O
O O O O O O O O O O O O O O O
O O O O O O O O O O O O
O O O O O O O O O O O O O
O O O O O O O O O O O O O O O O
O O O O O O O O O O
O O O O O O O O O O O O O O O O
O O O O O O O O O O O O O O O O O
O O O O O O O O
O O O O O O O O O O O
B-city I-city I-city O B-province I-province I-province O O
O B-city I-city O O O O O
B-province I-province O O O O O O O
B-city I-city O B-province I-province O O
O O O O O O O O
O B-province I-province I-province O O O O O
B-province I-province I-province O O O O O O O O
B-city I-city O O O B-province I-province I-province O
B-city I-city O O O O O
O B-province I-province O O O O O O O
B-city I-city O B-province I-province O O
O O O O O O O O O
B-city I-city I-city O O O O O
B-province I-province I-province O O O O O O O O O
B-city I-city O O O O O O
B-city I-city O O O O O
B-city I-city O O O O O
B-city I-city O O O O O
B-province I-province I-province O O O O O O O
B-city I-city O O O O O O
B-province I-province I-province O O O O O O O O
B-city I-city O O O B-province I-province O
B-city I-city O O O O O
B-province I-province O O O O O O
O O O O O O O O
O O O O O O O
B-city I-city I-city O O O B-province I-province O O
B-city I-city O O O O O B-province I-province O
B-city I-city O B-province I-province I-province O O
B-city I-city O B-province I-province I-province O O O O O O O
B-province I-province I-province O B-city I-city O O O O O
B-province I-province I-province O O O B-city I-city O O O O
B-province I-province I-province O O O O O O O O O B-city I-city
O O O O O O B-city I-city O O O O B-province I-province I-province O
O O O O B-city I-city O O O B-province I-province O O
O O O O B-province I-province O B-city I-city O O O O O
O O O B-province I-province O B-city I-city O O O O O
O O O O O B-city I-city O O O B-province I-province O
O O O B-province I-province O O O O O O O O B-city I-city
O O O O O B-city I-city O B-province I-province O O
B-province I-province I-province O O O O O O O O O B-city I-city
O O O O O B-city I-city O B-province I-province O O O O O O
O O O O B-city I-city O B-province I-province O O
O O O B-city I-city O O O O O B-province I-province O
B-province I-province I-province O O O O O O O O O O O B-city I-city
O O O O B-city I-city O O B-province I-province I-province O O
B-city I-city O B-province I-province I-province O O O O O O O
O O O O B-city I-city O O O B-province I-province O
O O O B-city I-city O B-province I-province O O
B-city I-city O O O O B-province I-province
B-city I-city O O B-province I-province O
B-city I-city I-city O O O B-province I-province O
B-province I-province O O O O O B-city I-city I-city O
O O O O O B-city I-city O O O B-province I-province I-province O
O O O O O B-city I-city O B-province I-province O O
O O B-city I-city I-city O O O B-province I-province I-province O O O
O O O O O O O O O
O O O O O O O O O O O O O
B-province I-province O O O O O O
B-province I-province I-province O O O O O
B-province I-province I-province O O O O O O
O O O O O O B-province I-province I-province I-province
B-city I-city I-city O O O O O
B-city I-city O O O O O O O
B-city I-city O O O O O O
B-name I-name I-name I-name
B-name I-name I-name I-name O O O O
B-name I-name I-name I-name O O
O O O O B-name I-name I-name I-name
O O O O B-name I-name I-name I-name O O O
O O O O O B-name I-name I-name I-name
O O B-name I-name I-name I-name
O O B-name I-name I-name I-name I-name B-resolution I-resolution
O O B-name I-name I-name I-name O B-resolution I-resolution O O
O O B-name I-name I-name I-name
O O O B-resolution I-resolution O B-category I-category O O
O O O O B-payment I-payment O O
O O O O B-payment I-payment O O
O O O O B-category I-category O O
O O O O O B-resolution I-resolution O O
O O O B-resolution I-resolution O B-name I-name I-name I-name
O O O O B-name I-name I-name I-name
O O O O B-name I-name I-name I-name O B-resolution I-resolution O O
O O B-resolution I-resolution O O
O O O B-resolution I-resolution O O
O B-name I-name I-name I-name
O B-resolution I-resolution O O
B-payment I-payment O B-category I-category O O
B-payment I-payment O B-category I-category O O O O O O
B-payment I-payment O B-category I-category O O O O
B-payment I-payment O O
B-payment I-payment O O O O O
B-payment I-payment O O O O O O O
B-payment I-payment O O O O
O O B-name I-name I-name
O O O B-name I-name I-name I-name O
B-category I-category O O O O O O
B-category I-category O O O O
B-category I-category O O O
B-category I-category O O O O O O O O O O
O O O B-category I-category O O
O B-category I-category O O O O O O O
O O O O B-category I-category O O
O O O B-category I-category O O O
B-category I-category O O
O O O B-category I-category O O
B-category I-category O O O O O O
O B-name I-name I-name I-name
O O O O B-name I-name I-name I-name
O O O O B-name I-name I-name I-name
O O O O B-name I-name I-name I-name O O O
O O O O O O B-name I-name I-name I-name O
O O O O O O O O B-resolution I-resolution O O
O O O O O O O O O O B-name I-name I-name I-name
O O O O O O O O O B-name I-name I-name I-name
O O O O O O O
O O O O O O
O O O O O O O O
O O O O O O O O
O O O O
O O O O O
O O O O O
O O O O O O O
O O O O O O O O O
O O O O O O O O O O
O O O O O O O O O
O O O O O O O O O
O O O O O O O O O
O O O O O O O O O O O
O O O O O O O O O O O O
O O O O O O
O O O O O O O
O O O O O O O O O
O O O O O O
O O O O O O O O O
O O O O O O O
O O O O O O
O O O O O O O O O
O O O O O
O O O O O O O O O O
O O O O O O O O
O O O O O O O
O O O O
O O O O
O O O O
O O O O
O O O O
O O
O O O O O O O O
O O O O O O O O O O O
O O O O O O O O O O O O O
O O O O O O O O O O O O O
O O O O O O O O O
O O O O O O O O O O O O
O O O O O O O O O O
O O O O O O O O O O
O O O O O O O O
O O O O O O O O
O O O O O
O O O O O O O O O O O
O O O O O O O O O O O O O
O O O O O O O O O O O O O
O O O O O O O O O
O O O O O O O O O O O O
O O O O O O O O O O O O O O
O O O O O O O O O O
O O O O O O O O O O O
O O O O O O
O O O O O O O O
O O O O O O O O O
O O O O O
O O O O O O O O
O O O O O
O O O O O O
O O O O O O O O O
O O B-日期 I-日期 B-时间 I-时间 I-时间 I-时间 O O O
O O O O O B-日期 I-日期 B-时间 I-时间 I-时间 I-时间 O O O
O O B-日期 I-日期 I-日期 I-日期 I-日期 B-时间 I-时间 I-时间 O O O
O O B-时间 I-时间 I-时间 I-时间 I-时间 O O O
O O O B-日期 I-日期 B-时间 I-时间 I-时间 I-时间 O O O
O O B-时间 I-时间 I-时间 I-时间 I-时间 O O O
O O O B-日期 I-日期 I-日期 I-日期 I-日期 O B-时间 I-时间 I-时间 I-时间 I-时间 O O O
O O O O O B-时间 I-时间 O
O O B-时间 I-时间 I-时间 I-时间 I-时间 I-时间 O O O
B-日期 I-日期 I-日期 I-日期 B-时间 I-时间 I-时间 O O O O O O
O O O O O B-时间 I-时间 I-时间 I-时间
O B-时间 I-时间 I-时间 O O O
O B-日期 I-日期 I-日期 B-时间 I-时间 I-时间 I-时间 I-时间 O O O
O O O O
O O O O
O O O O O O
O O B-日期 I-日期 B-时间 I-时间 I-时间 I-时间 I-时间 O O O
O O B-日期 I-日期 B-时间 I-时间 I-时间 I-时间 O O O
O B-时间 I-时间 O O O
O O B-日期 I-日期 B-时间 I-时间 O O O
O O O B-日期 I-日期 I-日期 B-时间 I-时间 I-时间 I-时间 I-时间 O O O
O O B-日期 I-日期 I-日期 O O O
B-日期 I-日期 I-日期 I-日期 B-时间 I-时间 I-时间 I-时间 O O O O O O O
O O O B-时间 I-时间 O O O
O O O O B-时间 I-时间 I-时间 O O O O B-日期 I-日期 I-日期 O
B-时间 I-时间 I-时间 I-时间 I-时间 O O O O O O O
O O O O O O B-时间 I-时间 O O O
B-日期 I-日期 I-日期 I-日期 B-时间 I-时间 O O O O O O
O O O O O O O O B-时间 I-时间 O O O O O
B-时间 I-时间 I-时间 I-时间 I-时间 I-时间 O O O O O O
O O B-位置 I-位置 O O O B-灯种 I-灯种 I-灯种
O O B-位置 I-位置 O B-灯种 I-灯种
O O B-位置 I-位置 O B-灯种
O O B-位置 I-位置 O B-灯种 I-灯种
O O B-灯种 I-灯种
B-位置 I-位置 O B-灯种 I-灯种 O O O
B-灯种 I-灯种 I-灯种 O O O
O O B-位置 I-位置 O B-灯种 I-灯种 I-灯种
O O O O B-位置 I-位置 O B-灯种
B-位置 I-位置 I-位置 O B-灯种 O O O
B-位置 I-位置 O B-灯种 I-灯种 O O
B-位置 I-位置 O B-灯种 I-灯种 I-灯种 O O O
O O B-位置 I-位置 I-位置 O B-灯种 I-灯种 I-灯种
B-位置 I-位置 O B-灯种 O O
O O B-位置 I-位置 O O B-灯种
O O O O B-位置 I-位置 I-位置 O B-灯种
O O B-位置 I-位置 I-位置 I-位置 O B-灯种 I-灯种 I-灯种
B-位置 I-位置 I-位置 O B-灯种 O O O
O O B-位置 I-位置 I-位置 O B-灯种 I-灯种 I-灯种
B-位置 I-位置 I-位置 I-位置 O B-灯种 O O O O O O
O O O B-位置 I-位置 O B-灯种 O O O
B-位置 I-位置 O B-灯种 O O O O O
B-位置 I-位置 O B-灯种 I-灯种 O O O
B-位置 I-位置 O B-灯种 I-灯种 I-灯种 O O
B-位置 I-位置 O B-灯种 O O O
B-位置 I-位置 O B-灯种 O O O O
B-位置 I-位置 I-位置 O B-灯种 I-灯种 I-灯种 O O
O O B-位置 I-位置 O B-灯种 I-灯种 O
B-位置 I-位置 I-位置 O B-灯种 O O O O
B-位置 I-位置 O B-灯种 I-灯种 O O O O
O O B-位置 I-位置 O B-灯种 I-灯种 I-灯种
O O O B-位置 I-位置 I-位置 O B-灯种 O O
O O B-位置 I-位置 O B-灯种
B-位置 I-位置 O B-灯种 I-灯种 I-灯种 O O
B-位置 I-位置 I-位置 B-灯种 I-灯种 O O
O O O O O B-位置 I-位置 B-灯种
B-位置 I-位置 O B-灯种 I-灯种 I-灯种 O O
O B-灯种 O B-位置 I-位置 O
B-位置 I-位置 O B-灯种 I-灯种 I-灯种 O O O
O O B-灯种
O O B-灯种 I-灯种 I-灯种
O O O B-位置 I-位置 O B-灯种 O O O O
O O O B-灯种 I-灯种 I-灯种 O O O
B-位置 I-位置 O B-灯种 O O O
O B-灯种 O B-位置 I-位置 I-位置 O
O O O O B-灯种 O B-位置 I-位置 O
O O B-位置 I-位置 O B-灯种 O
O O B-位置 I-位置 O B-灯种 I-灯种 I-灯种 O
B-位置 I-位置 I-位置 I-位置 O B-灯种 O O O O
O O O O O B-位置 I-位置 O B-灯种 O
B-位置 I-位置 O B-灯种 O O O
O O B-灯种 I-灯种 I-灯种
O O O B-灯种 O O
B-位置 I-位置 I-位置 O B-灯种 O O O O O O
O O O O O B-位置 I-位置 I-位置 O B-灯种 O O O O
B-位置 I-位置 I-位置 O O O B-灯种 I-灯种 I-灯种 O O O O
O O O B-位置 I-位置 O B-灯种 O O O
O B-位置 I-位置 O B-灯种 O O O
O B-位置 I-位置 O B-灯种 O O O
B-位置 I-位置 O B-灯种 O O O O
O O B-位置 I-位置
O O O O B-位置 I-位置
B-位置 I-位置 O O O O O O
O O O O O B-位置 I-位置 O O O
O O O O B-位置 I-位置
B-位置 I-位置 I-位置 O O O O O O O
B-位置 I-位置 I-位置 O O O O O O
O O O O O O B-位置 I-位置 I-位置 O
B-位置 I-位置 I-位置 I-位置 O O O O O O
O O O B-位置 I-位置 O O O
O O B-位置 I-位置 I-位置
O O B-位置 I-位置 O
O O O O B-位置 I-位置
O O B-位置 I-位置 O O O
O O O O O B-位置 I-位置 O O O
O O O O B-位置 I-位置 I-位置
O O O B-位置 I-位置
O O O O
O O O O O
O O O O
O O O B-位置 I-位置 O O O O
O O O O B-位置 I-位置 I-位置 O
O O O B-位置 I-位置 O O O O O
O O O O O
O O O O O O O B-位置 I-位置 O O O O O
O B-位置 I-位置 O O O O O O
B-位置 I-位置 I-位置 O O O O O
B-位置 I-位置 O O O O O O O O O O
B-位置 I-位置 I-位置 O O O O O O
B-位置 I-位置 I-位置 O O O O O O O O